[2020-02-03T15:08:32.842+0100][gc,heap] Heap region size: 1M
[2020-02-03T15:08:32.852+0100][gc     ] Using G1
[2020-02-03T15:08:32.852+0100][gc,heap,coops] Heap address: 0x00000000c0000000, size: 1024 MB, Compressed Oops mode: 32-bit
[2020-02-03T15:08:33.940+0100][gc,start     ] GC(0) Pause Young (Normal) (G1 Evacuation Pause)
[2020-02-03T15:08:33.941+0100][gc,task      ] GC(0) Using 4 workers of 4 for evacuation
[2020-02-03T15:08:33.947+0100][gc,phases    ] GC(0)   Pre Evacuate Collection Set: 0,0ms
[2020-02-03T15:08:33.947+0100][gc,phases    ] GC(0)   Evacuate Collection Set: 5,6ms
[2020-02-03T15:08:33.947+0100][gc,phases    ] GC(0)   Post Evacuate Collection Set: 0,6ms
[2020-02-03T15:08:33.947+0100][gc,phases    ] GC(0)   Other: 0,5ms
[2020-02-03T15:08:33.947+0100][gc,heap      ] GC(0) Eden regions: 51->0(44)
[2020-02-03T15:08:33.947+0100][gc,heap      ] GC(0) Survivor regions: 0->7(7)
[2020-02-03T15:08:33.947+0100][gc,heap      ] GC(0) Old regions: 0->0
[2020-02-03T15:08:33.947+0100][gc,heap      ] GC(0) Humongous regions: 0->0
[2020-02-03T15:08:33.947+0100][gc,metaspace ] GC(0) Metaspace: 15266K->15266K(1062912K)
[2020-02-03T15:08:33.947+0100][gc           ] GC(0) Pause Young (Normal) (G1 Evacuation Pause) 51M->6M(1024M) 6,746ms
[2020-02-03T15:08:33.947+0100][gc,cpu       ] GC(0) User=0,01s Sys=0,01s Real=0,01s
[2020-02-03T15:08:34.306+0100][gc,start     ] GC(1) Pause Young (Concurrent Start) (Metadata GC Threshold)
[2020-02-03T15:08:34.306+0100][gc,task      ] GC(1) Using 4 workers of 4 for evacuation
[2020-02-03T15:08:34.316+0100][gc,phases    ] GC(1)   Pre Evacuate Collection Set: 0,1ms
[2020-02-03T15:08:34.316+0100][gc,phases    ] GC(1)   Evacuate Collection Set: 8,9ms
[2020-02-03T15:08:34.316+0100][gc,phases    ] GC(1)   Post Evacuate Collection Set: 0,6ms
[2020-02-03T15:08:34.316+0100][gc,phases    ] GC(1)   Other: 0,2ms
[2020-02-03T15:08:34.316+0100][gc,heap      ] GC(1) Eden regions: 22->0(49)
[2020-02-03T15:08:34.316+0100][gc,heap      ] GC(1) Survivor regions: 7->2(7)
[2020-02-03T15:08:34.316+0100][gc,heap      ] GC(1) Old regions: 0->7
[2020-02-03T15:08:34.316+0100][gc,heap      ] GC(1) Humongous regions: 129->129
[2020-02-03T15:08:34.316+0100][gc,metaspace ] GC(1) Metaspace: 20494K->20494K(1067008K)
[2020-02-03T15:08:34.316+0100][gc           ] GC(1) Pause Young (Concurrent Start) (Metadata GC Threshold) 157M->137M(1024M) 9,851ms
[2020-02-03T15:08:34.316+0100][gc,cpu       ] GC(1) User=0,03s Sys=0,01s Real=0,02s
[2020-02-03T15:08:34.316+0100][gc           ] GC(2) Concurrent Cycle
[2020-02-03T15:08:34.316+0100][gc,marking   ] GC(2) Concurrent Clear Claimed Marks
[2020-02-03T15:08:34.316+0100][gc,marking   ] GC(2) Concurrent Clear Claimed Marks 0,033ms
[2020-02-03T15:08:34.316+0100][gc,marking   ] GC(2) Concurrent Scan Root Regions
[2020-02-03T15:08:34.317+0100][gc,marking   ] GC(2) Concurrent Scan Root Regions 0,877ms
[2020-02-03T15:08:34.317+0100][gc,marking   ] GC(2) Concurrent Mark (1,478s)
[2020-02-03T15:08:34.317+0100][gc,marking   ] GC(2) Concurrent Mark From Roots
[2020-02-03T15:08:34.317+0100][gc,task      ] GC(2) Using 1 workers of 1 for marking
[2020-02-03T15:08:34.333+0100][gc,marking   ] GC(2) Concurrent Mark From Roots 15,385ms
[2020-02-03T15:08:34.333+0100][gc,marking   ] GC(2) Concurrent Preclean
[2020-02-03T15:08:34.333+0100][gc,marking   ] GC(2) Concurrent Preclean 0,132ms
[2020-02-03T15:08:34.333+0100][gc,marking   ] GC(2) Concurrent Mark (1,478s, 1,493s) 15,574ms
[2020-02-03T15:08:34.333+0100][gc,start     ] GC(2) Pause Remark
[2020-02-03T15:08:34.335+0100][gc,stringtable] GC(2) Cleaned string and symbol table, strings: 9176 processed, 0 removed, symbols: 50784 processed, 44 removed
[2020-02-03T15:08:34.336+0100][gc            ] GC(2) Pause Remark 139M->139M(1024M) 2,668ms
[2020-02-03T15:08:34.336+0100][gc,cpu        ] GC(2) User=0,01s Sys=0,00s Real=0,01s
[2020-02-03T15:08:34.336+0100][gc,marking    ] GC(2) Concurrent Rebuild Remembered Sets
[2020-02-03T15:08:34.343+0100][gc,marking    ] GC(2) Concurrent Rebuild Remembered Sets 6,990ms
[2020-02-03T15:08:34.343+0100][gc,start      ] GC(2) Pause Cleanup
[2020-02-03T15:08:34.343+0100][gc            ] GC(2) Pause Cleanup 139M->139M(1024M) 0,196ms
[2020-02-03T15:08:34.343+0100][gc,cpu        ] GC(2) User=0,00s Sys=0,00s Real=0,00s
[2020-02-03T15:08:34.343+0100][gc,marking    ] GC(2) Concurrent Cleanup for Next Mark
[2020-02-03T15:08:34.352+0100][gc,marking    ] GC(2) Concurrent Cleanup for Next Mark 8,342ms
[2020-02-03T15:08:34.352+0100][gc            ] GC(2) Concurrent Cycle 35,480ms
[2020-02-03T15:08:35.062+0100][gc,start      ] GC(3) Pause Young (Normal) (G1 Evacuation Pause)
[2020-02-03T15:08:35.062+0100][gc,task       ] GC(3) Using 4 workers of 4 for evacuation
[2020-02-03T15:08:35.075+0100][gc,phases     ] GC(3)   Pre Evacuate Collection Set: 0,0ms
[2020-02-03T15:08:35.075+0100][gc,phases     ] GC(3)   Evacuate Collection Set: 12,6ms
[2020-02-03T15:08:35.075+0100][gc,phases     ] GC(3)   Post Evacuate Collection Set: 0,7ms
[2020-02-03T15:08:35.075+0100][gc,phases     ] GC(3)   Other: 0,3ms
[2020-02-03T15:08:35.075+0100][gc,heap       ] GC(3) Eden regions: 49->0(45)
[2020-02-03T15:08:35.075+0100][gc,heap       ] GC(3) Survivor regions: 2->6(7)
[2020-02-03T15:08:35.075+0100][gc,heap       ] GC(3) Old regions: 7->7
[2020-02-03T15:08:35.075+0100][gc,heap       ] GC(3) Humongous regions: 129->129
[2020-02-03T15:08:35.075+0100][gc,metaspace  ] GC(3) Metaspace: 30031K->30031K(1077248K)
[2020-02-03T15:08:35.075+0100][gc            ] GC(3) Pause Young (Normal) (G1 Evacuation Pause) 186M->140M(1024M) 13,653ms
[2020-02-03T15:08:35.076+0100][gc,cpu        ] GC(3) User=0,04s Sys=0,00s Real=0,02s
[2020-02-03T15:15:18.336+0100][gc,start      ] GC(4) Pause Young (Concurrent Start) (Metadata GC Threshold)
[2020-02-03T15:15:18.336+0100][gc,task       ] GC(4) Using 4 workers of 4 for evacuation
[2020-02-03T15:15:18.346+0100][gc,phases     ] GC(4)   Pre Evacuate Collection Set: 0,1ms
[2020-02-03T15:15:18.346+0100][gc,phases     ] GC(4)   Evacuate Collection Set: 8,9ms
[2020-02-03T15:15:18.346+0100][gc,phases     ] GC(4)   Post Evacuate Collection Set: 0,7ms
[2020-02-03T15:15:18.346+0100][gc,phases     ] GC(4)   Other: 0,3ms
[2020-02-03T15:15:18.346+0100][gc,heap       ] GC(4) Eden regions: 24->0(50)
[2020-02-03T15:15:18.346+0100][gc,heap       ] GC(4) Survivor regions: 6->1(7)
[2020-02-03T15:15:18.346+0100][gc,heap       ] GC(4) Old regions: 7->12
[2020-02-03T15:15:18.346+0100][gc,heap       ] GC(4) Humongous regions: 129->129
[2020-02-03T15:15:18.346+0100][gc,metaspace  ] GC(4) Metaspace: 34163K->34163K(1081344K)
[2020-02-03T15:15:18.346+0100][gc            ] GC(4) Pause Young (Concurrent Start) (Metadata GC Threshold) 164M->141M(1024M) 9,984ms
[2020-02-03T15:15:18.346+0100][gc,cpu        ] GC(4) User=0,04s Sys=0,00s Real=0,00s
[2020-02-03T15:15:18.346+0100][gc            ] GC(5) Concurrent Cycle
[2020-02-03T15:15:18.346+0100][gc,marking    ] GC(5) Concurrent Clear Claimed Marks
[2020-02-03T15:15:18.346+0100][gc,marking    ] GC(5) Concurrent Clear Claimed Marks 0,108ms
[2020-02-03T15:15:18.346+0100][gc,marking    ] GC(5) Concurrent Scan Root Regions
[2020-02-03T15:15:18.347+0100][gc,marking    ] GC(5) Concurrent Scan Root Regions 1,450ms
[2020-02-03T15:15:18.347+0100][gc,marking    ] GC(5) Concurrent Mark (405,508s)
[2020-02-03T15:15:18.347+0100][gc,marking    ] GC(5) Concurrent Mark From Roots
[2020-02-03T15:15:18.348+0100][gc,task       ] GC(5) Using 1 workers of 1 for marking
[2020-02-03T15:15:18.379+0100][gc,marking    ] GC(5) Concurrent Mark From Roots 31,464ms
[2020-02-03T15:15:18.379+0100][gc,marking    ] GC(5) Concurrent Preclean
[2020-02-03T15:15:18.379+0100][gc,marking    ] GC(5) Concurrent Preclean 0,120ms
[2020-02-03T15:15:18.379+0100][gc,marking    ] GC(5) Concurrent Mark (405,508s, 405,540s) 31,642ms
[2020-02-03T15:15:18.379+0100][gc,start      ] GC(5) Pause Remark
[2020-02-03T15:15:18.384+0100][gc,stringtable] GC(5) Cleaned string and symbol table, strings: 14611 processed, 8 removed, symbols: 78281 processed, 21 removed
[2020-02-03T15:15:18.384+0100][gc            ] GC(5) Pause Remark 142M->142M(1024M) 4,714ms
[2020-02-03T15:15:18.384+0100][gc,cpu        ] GC(5) User=0,01s Sys=0,00s Real=0,00s
[2020-02-03T15:15:18.384+0100][gc,marking    ] GC(5) Concurrent Rebuild Remembered Sets
[2020-02-03T15:15:18.399+0100][gc,marking    ] GC(5) Concurrent Rebuild Remembered Sets 15,079ms
[2020-02-03T15:15:18.399+0100][gc,start      ] GC(5) Pause Cleanup
[2020-02-03T15:15:18.399+0100][gc            ] GC(5) Pause Cleanup 142M->142M(1024M) 0,158ms
[2020-02-03T15:15:18.399+0100][gc,cpu        ] GC(5) User=0,00s Sys=0,00s Real=0,00s
[2020-02-03T15:15:18.399+0100][gc,marking    ] GC(5) Concurrent Cleanup for Next Mark
[2020-02-03T15:15:18.408+0100][gc,marking    ] GC(5) Concurrent Cleanup for Next Mark 8,322ms
[2020-02-03T15:15:18.408+0100][gc            ] GC(5) Concurrent Cycle 61,971ms
[2020-02-03T15:48:50.879+0100][gc,start      ] GC(6) Pause Young (Normal) (G1 Evacuation Pause)
[2020-02-03T15:48:50.879+0100][gc,task       ] GC(6) Using 4 workers of 4 for evacuation
[2020-02-03T15:48:50.885+0100][gc,phases     ] GC(6)   Pre Evacuate Collection Set: 0,0ms
[2020-02-03T15:48:50.885+0100][gc,phases     ] GC(6)   Evacuate Collection Set: 4,8ms
[2020-02-03T15:48:50.885+0100][gc,phases     ] GC(6)   Post Evacuate Collection Set: 0,9ms
[2020-02-03T15:48:50.885+0100][gc,phases     ] GC(6)   Other: 0,2ms
[2020-02-03T15:48:50.885+0100][gc,heap       ] GC(6) Eden regions: 50->0(49)
[2020-02-03T15:48:50.885+0100][gc,heap       ] GC(6) Survivor regions: 1->2(7)
[2020-02-03T15:48:50.885+0100][gc,heap       ] GC(6) Old regions: 12->12
[2020-02-03T15:48:50.885+0100][gc,heap       ] GC(6) Humongous regions: 129->129
[2020-02-03T15:48:50.885+0100][gc,metaspace  ] GC(6) Metaspace: 36985K->36985K(1083392K)
[2020-02-03T15:48:50.885+0100][gc            ] GC(6) Pause Young (Normal) (G1 Evacuation Pause) 191M->142M(1024M) 6,072ms
[2020-02-03T15:48:50.885+0100][gc,cpu        ] GC(6) User=0,02s Sys=0,00s Real=0,00s
[2020-02-03T15:54:13.305+0100][gc,start      ] GC(7) Pause Young (Normal) (G1 Evacuation Pause)
[2020-02-03T15:54:13.305+0100][gc,task       ] GC(7) Using 4 workers of 4 for evacuation
[2020-02-03T15:54:13.316+0100][gc,phases     ] GC(7)   Pre Evacuate Collection Set: 0,1ms
[2020-02-03T15:54:13.316+0100][gc,phases     ] GC(7)   Evacuate Collection Set: 9,2ms
[2020-02-03T15:54:13.316+0100][gc,phases     ] GC(7)   Post Evacuate Collection Set: 1,0ms
[2020-02-03T15:54:13.316+0100][gc,phases     ] GC(7)   Other: 0,5ms
[2020-02-03T15:54:13.316+0100][gc,heap       ] GC(7) Eden regions: 49->0(46)
[2020-02-03T15:54:13.316+0100][gc,heap       ] GC(7) Survivor regions: 2->5(7)
[2020-02-03T15:54:13.316+0100][gc,heap       ] GC(7) Old regions: 12->12
[2020-02-03T15:54:13.316+0100][gc,heap       ] GC(7) Humongous regions: 129->129
[2020-02-03T15:54:13.316+0100][gc,metaspace  ] GC(7) Metaspace: 39655K->39655K(1085440K)
[2020-02-03T15:54:13.316+0100][gc            ] GC(7) Pause Young (Normal) (G1 Evacuation Pause) 191M->145M(1024M) 10,776ms
[2020-02-03T15:54:13.316+0100][gc,cpu        ] GC(7) User=0,04s Sys=0,00s Real=0,02s
[2020-02-03T16:02:28.152+0100][gc,start      ] GC(8) Pause Young (Normal) (G1 Evacuation Pause)
[2020-02-03T16:02:28.152+0100][gc,task       ] GC(8) Using 4 workers of 4 for evacuation
[2020-02-03T16:02:28.162+0100][gc,phases     ] GC(8)   Pre Evacuate Collection Set: 0,0ms
[2020-02-03T16:02:28.162+0100][gc,phases     ] GC(8)   Evacuate Collection Set: 9,6ms
[2020-02-03T16:02:28.162+0100][gc,phases     ] GC(8)   Post Evacuate Collection Set: 0,6ms
[2020-02-03T16:02:28.162+0100][gc,phases     ] GC(8)   Other: 0,3ms
[2020-02-03T16:02:28.162+0100][gc,heap       ] GC(8) Eden regions: 46->0(47)
[2020-02-03T16:02:28.162+0100][gc,heap       ] GC(8) Survivor regions: 5->4(7)
[2020-02-03T16:02:28.162+0100][gc,heap       ] GC(8) Old regions: 12->13
[2020-02-03T16:02:28.162+0100][gc,heap       ] GC(8) Humongous regions: 129->129
[2020-02-03T16:02:28.162+0100][gc,metaspace  ] GC(8) Metaspace: 40158K->40158K(1085440K)
[2020-02-03T16:02:28.162+0100][gc            ] GC(8) Pause Young (Normal) (G1 Evacuation Pause) 191M->145M(1024M) 10,521ms
[2020-02-03T16:02:28.162+0100][gc,cpu        ] GC(8) User=0,04s Sys=0,00s Real=0,01s
[2020-02-03T16:22:04.683+0100][gc,start      ] GC(9) Pause Young (Normal) (G1 Evacuation Pause)
[2020-02-03T16:22:04.683+0100][gc,task       ] GC(9) Using 4 workers of 4 for evacuation
[2020-02-03T16:22:04.693+0100][gc,phases     ] GC(9)   Pre Evacuate Collection Set: 0,1ms
[2020-02-03T16:22:04.693+0100][gc,phases     ] GC(9)   Evacuate Collection Set: 8,4ms
[2020-02-03T16:22:04.693+0100][gc,phases     ] GC(9)   Post Evacuate Collection Set: 0,6ms
[2020-02-03T16:22:04.693+0100][gc,phases     ] GC(9)   Other: 0,4ms
[2020-02-03T16:22:04.693+0100][gc,heap       ] GC(9) Eden regions: 47->0(48)
[2020-02-03T16:22:04.693+0100][gc,heap       ] GC(9) Survivor regions: 4->3(7)
[2020-02-03T16:22:04.693+0100][gc,heap       ] GC(9) Old regions: 13->15
[2020-02-03T16:22:04.693+0100][gc,heap       ] GC(9) Humongous regions: 129->129
[2020-02-03T16:22:04.693+0100][gc,metaspace  ] GC(9) Metaspace: 40340K->40340K(1085440K)
[2020-02-03T16:22:04.693+0100][gc            ] GC(9) Pause Young (Normal) (G1 Evacuation Pause) 192M->146M(1024M) 9,492ms
[2020-02-03T16:22:04.693+0100][gc,cpu        ] GC(9) User=0,03s Sys=0,00s Real=0,01s
[2020-02-03T16:42:34.756+0100][gc,start      ] GC(10) Pause Young (Normal) (G1 Evacuation Pause)
[2020-02-03T16:42:34.756+0100][gc,task       ] GC(10) Using 4 workers of 4 for evacuation
[2020-02-03T16:42:34.764+0100][gc,phases     ] GC(10)   Pre Evacuate Collection Set: 0,0ms
[2020-02-03T16:42:34.764+0100][gc,phases     ] GC(10)   Evacuate Collection Set: 7,5ms
[2020-02-03T16:42:34.765+0100][gc,phases     ] GC(10)   Post Evacuate Collection Set: 1,0ms
[2020-02-03T16:42:34.765+0100][gc,phases     ] GC(10)   Other: 0,3ms
[2020-02-03T16:42:34.765+0100][gc,heap       ] GC(10) Eden regions: 48->0(48)
[2020-02-03T16:42:34.765+0100][gc,heap       ] GC(10) Survivor regions: 3->3(7)
[2020-02-03T16:42:34.765+0100][gc,heap       ] GC(10) Old regions: 15->15
[2020-02-03T16:42:34.765+0100][gc,heap       ] GC(10) Humongous regions: 129->129
[2020-02-03T16:42:34.765+0100][gc,metaspace  ] GC(10) Metaspace: 40528K->40528K(1085440K)
[2020-02-03T16:42:34.765+0100][gc            ] GC(10) Pause Young (Normal) (G1 Evacuation Pause) 194M->146M(1024M) 8,941ms
[2020-02-03T16:42:34.765+0100][gc,cpu        ] GC(10) User=0,03s Sys=0,00s Real=0,00s
[2020-02-03T17:00:43.316+0100][gc,start      ] GC(11) Pause Young (Normal) (G1 Evacuation Pause)
[2020-02-03T17:00:43.316+0100][gc,task       ] GC(11) Using 4 workers of 4 for evacuation
[2020-02-03T17:00:43.324+0100][gc,phases     ] GC(11)   Pre Evacuate Collection Set: 0,0ms
[2020-02-03T17:00:43.324+0100][gc,phases     ] GC(11)   Evacuate Collection Set: 5,1ms
[2020-02-03T17:00:43.324+0100][gc,phases     ] GC(11)   Post Evacuate Collection Set: 2,6ms
[2020-02-03T17:00:43.324+0100][gc,phases     ] GC(11)   Other: 0,2ms
[2020-02-03T17:00:43.324+0100][gc,heap       ] GC(11) Eden regions: 48->0(48)
[2020-02-03T17:00:43.324+0100][gc,heap       ] GC(11) Survivor regions: 3->3(7)
[2020-02-03T17:00:43.324+0100][gc,heap       ] GC(11) Old regions: 15->15
[2020-02-03T17:00:43.324+0100][gc,heap       ] GC(11) Humongous regions: 129->129
[2020-02-03T17:00:43.324+0100][gc,metaspace  ] GC(11) Metaspace: 40738K->40738K(1087488K)
[2020-02-03T17:00:43.324+0100][gc            ] GC(11) Pause Young (Normal) (G1 Evacuation Pause) 194M->146M(1024M) 7,999ms
[2020-02-03T17:00:43.324+0100][gc,cpu        ] GC(11) User=0,01s Sys=0,00s Real=0,00s
[2020-02-03T17:18:40.158+0100][gc,start      ] GC(12) Pause Young (Normal) (G1 Evacuation Pause)
[2020-02-03T17:18:40.158+0100][gc,task       ] GC(12) Using 4 workers of 4 for evacuation
[2020-02-03T17:18:40.166+0100][gc,phases     ] GC(12)   Pre Evacuate Collection Set: 0,0ms
[2020-02-03T17:18:40.166+0100][gc,phases     ] GC(12)   Evacuate Collection Set: 7,0ms
[2020-02-03T17:18:40.166+0100][gc,phases     ] GC(12)   Post Evacuate Collection Set: 1,0ms
[2020-02-03T17:18:40.166+0100][gc,phases     ] GC(12)   Other: 0,3ms
[2020-02-03T17:18:40.166+0100][gc,heap       ] GC(12) Eden regions: 48->0(50)
[2020-02-03T17:18:40.166+0100][gc,heap       ] GC(12) Survivor regions: 3->3(7)
[2020-02-03T17:18:40.166+0100][gc,heap       ] GC(12) Old regions: 15->15
[2020-02-03T17:18:40.166+0100][gc,heap       ] GC(12) Humongous regions: 129->129
[2020-02-03T17:18:40.166+0100][gc,metaspace  ] GC(12) Metaspace: 40768K->40768K(1087488K)
[2020-02-03T17:18:40.166+0100][gc            ] GC(12) Pause Young (Normal) (G1 Evacuation Pause) 194M->146M(1024M) 8,355ms
[2020-02-03T17:18:40.166+0100][gc,cpu        ] GC(12) User=0,03s Sys=0,00s Real=0,00s
